

================================================================
== Vitis HLS Report for 'predict_kernel_Pipeline_VITIS_LOOP_35_1'
================================================================
* Date:           Mon Mar  2 15:42:30 2026

* Version:        2025.2 (Build 6295257 on Nov 14 2025)
* Project:        minkowski_hls
* Solution:       sol1 (Vivado IP Flow Target)
* Product family: zynquplus
* Target device:  xck26-sfvc784-2LV-c


================================================================
== Performance Estimates
================================================================
+ Timing: 
    * Summary: 
    +--------+----------+----------+------------+
    |  Clock |  Target  | Estimated| Uncertainty|
    +--------+----------+----------+------------+
    |ap_clk  |  10.00 ns|  7.016 ns|     2.70 ns|
    +--------+----------+----------+------------+

+ Latency: 
    * Summary: 
    +---------+---------+----------+----------+-----+-----+-------------------+
    |  Latency (cycles) |  Latency (absolute) |  Interval |      Pipeline     |
    |   min   |   max   |    min   |    max   | min | max |        Type       |
    +---------+---------+----------+----------+-----+-----+-------------------+
    |       24|       24|  0.240 us|  0.240 us|    0|    0|  loop pipeline stp|
    +---------+---------+----------+----------+-----+-----+-------------------+

    + Detail: 
        * Instance: 
        N/A

        * Loop: 
        +-------------------+---------+---------+----------+-----------+-----------+------+----------+
        |                   |  Latency (cycles) | Iteration|  Initiation Interval  | Trip |          |
        |     Loop Name     |   min   |   max   |  Latency |  achieved |   target  | Count| Pipelined|
        +-------------------+---------+---------+----------+-----------+-----------+------+----------+
        |- VITIS_LOOP_35_1  |       22|       22|        20|          1|          1|     4|       yes|
        +-------------------+---------+---------+----------+-----------+-----------+------+----------+



================================================================
== Utilization Estimates
================================================================
* Summary: 
+-----------------+---------+------+--------+--------+-----+
|       Name      | BRAM_18K|  DSP |   FF   |   LUT  | URAM|
+-----------------+---------+------+--------+--------+-----+
|DSP              |        -|     -|       -|       -|    -|
|Expression       |        -|     -|       0|      24|    -|
|FIFO             |        -|     -|       -|       -|    -|
|Instance         |        -|     -|       0|      20|    -|
|Memory           |        -|     -|       -|       -|    -|
|Multiplexer      |        -|     -|       0|      36|    -|
|Register         |        -|     -|     399|      64|    -|
+-----------------+---------+------+--------+--------+-----+
|Total            |        0|     0|     399|     144|    0|
+-----------------+---------+------+--------+--------+-----+
|Available        |      288|  1248|  234240|  117120|   64|
+-----------------+---------+------+--------+--------+-----+
|Utilization (%)  |        0|     0|      ~0|      ~0|    0|
+-----------------+---------+------+--------+--------+-----+

+ Detail: 
    * Instance: 
    +-------------------------+----------------------+---------+----+---+----+-----+
    |         Instance        |        Module        | BRAM_18K| DSP| FF| LUT| URAM|
    +-------------------------+----------------------+---------+----+---+----+-----+
    |sparsemux_9_2_32_1_1_U9  |sparsemux_9_2_32_1_1  |        0|   0|  0|  20|    0|
    +-------------------------+----------------------+---------+----+---+----+-----+
    |Total                    |                      |        0|   0|  0|  20|    0|
    +-------------------------+----------------------+---------+----+---+----+-----+

    * DSP: 
    N/A

    * Memory: 
    N/A

    * FIFO: 
    N/A

    * Expression: 
    +---------------------+----------+----+---+----+------------+------------+
    |    Variable Name    | Operation| DSP| FF| LUT| Bitwidth P0| Bitwidth P1|
    +---------------------+----------+----+---+----+------------+------------+
    |add_ln35_fu_256_p2   |         +|   0|  0|  10|           3|           1|
    |icmp_ln35_fu_250_p2  |      icmp|   0|  0|  12|           3|           4|
    |ap_enable_pp0        |       xor|   0|  0|   2|           1|           2|
    +---------------------+----------+----+---+----+------------+------------+
    |Total                |          |   0|  0|  24|           7|           7|
    +---------------------+----------+----+---+----+------------+------------+

    * Multiplexer: 
    +-------------------------+----+-----------+-----+-----------+
    |           Name          | LUT| Input Size| Bits| Total Bits|
    +-------------------------+----+-----------+-----+-----------+
    |ap_done_int              |   9|          2|    1|          2|
    |ap_enable_reg_pp0_iter1  |   9|          2|    1|          2|
    |ap_sig_allocacmp_i_1     |   9|          2|    3|          6|
    |i_fu_78                  |   9|          2|    3|          6|
    +-------------------------+----+-----------+-----+-----------+
    |Total                    |  36|          8|    8|         16|
    +-------------------------+----+-----------+-----+-----------+

    * Register: 
    +-----------------------------------+----+----+-----+-----------+
    |                Name               | FF | LUT| Bits| Const Bits|
    +-----------------------------------+----+----+-----+-----------+
    |add23_1_reg_447                    |  32|   0|   32|          0|
    |add23_2_reg_467                    |  32|   0|   32|          0|
    |add_reg_427                        |  32|   0|   32|          0|
    |ap_CS_fsm                          |   1|   0|    1|          0|
    |ap_done_reg                        |   1|   0|    1|          0|
    |ap_enable_reg_pp0_iter1            |   1|   0|    1|          0|
    |ap_enable_reg_pp0_iter10           |   1|   0|    1|          0|
    |ap_enable_reg_pp0_iter11           |   1|   0|    1|          0|
    |ap_enable_reg_pp0_iter12           |   1|   0|    1|          0|
    |ap_enable_reg_pp0_iter13           |   1|   0|    1|          0|
    |ap_enable_reg_pp0_iter14           |   1|   0|    1|          0|
    |ap_enable_reg_pp0_iter15           |   1|   0|    1|          0|
    |ap_enable_reg_pp0_iter16           |   1|   0|    1|          0|
    |ap_enable_reg_pp0_iter17           |   1|   0|    1|          0|
    |ap_enable_reg_pp0_iter18           |   1|   0|    1|          0|
    |ap_enable_reg_pp0_iter19           |   1|   0|    1|          0|
    |ap_enable_reg_pp0_iter2            |   1|   0|    1|          0|
    |ap_enable_reg_pp0_iter3            |   1|   0|    1|          0|
    |ap_enable_reg_pp0_iter4            |   1|   0|    1|          0|
    |ap_enable_reg_pp0_iter5            |   1|   0|    1|          0|
    |ap_enable_reg_pp0_iter6            |   1|   0|    1|          0|
    |ap_enable_reg_pp0_iter7            |   1|   0|    1|          0|
    |ap_enable_reg_pp0_iter8            |   1|   0|    1|          0|
    |ap_enable_reg_pp0_iter9            |   1|   0|    1|          0|
    |ap_loop_exit_ready_pp0_iter10_reg  |   1|   0|    1|          0|
    |ap_loop_exit_ready_pp0_iter11_reg  |   1|   0|    1|          0|
    |ap_loop_exit_ready_pp0_iter12_reg  |   1|   0|    1|          0|
    |ap_loop_exit_ready_pp0_iter13_reg  |   1|   0|    1|          0|
    |ap_loop_exit_ready_pp0_iter14_reg  |   1|   0|    1|          0|
    |ap_loop_exit_ready_pp0_iter15_reg  |   1|   0|    1|          0|
    |ap_loop_exit_ready_pp0_iter16_reg  |   1|   0|    1|          0|
    |ap_loop_exit_ready_pp0_iter17_reg  |   1|   0|    1|          0|
    |ap_loop_exit_ready_pp0_iter18_reg  |   1|   0|    1|          0|
    |ap_loop_exit_ready_pp0_iter1_reg   |   1|   0|    1|          0|
    |ap_loop_exit_ready_pp0_iter2_reg   |   1|   0|    1|          0|
    |ap_loop_exit_ready_pp0_iter3_reg   |   1|   0|    1|          0|
    |ap_loop_exit_ready_pp0_iter4_reg   |   1|   0|    1|          0|
    |ap_loop_exit_ready_pp0_iter5_reg   |   1|   0|    1|          0|
    |ap_loop_exit_ready_pp0_iter6_reg   |   1|   0|    1|          0|
    |ap_loop_exit_ready_pp0_iter7_reg   |   1|   0|    1|          0|
    |ap_loop_exit_ready_pp0_iter8_reg   |   1|   0|    1|          0|
    |ap_loop_exit_ready_pp0_iter9_reg   |   1|   0|    1|          0|
    |i_fu_78                            |   3|   0|    3|          0|
    |mul_1_reg_432                      |  32|   0|   32|          0|
    |mul_2_reg_452                      |  32|   0|   32|          0|
    |mul_3_reg_472                      |  32|   0|   32|          0|
    |mul_reg_407                        |  32|   0|   32|          0|
    |trunc_ln35_reg_392                 |   2|   0|    2|          0|
    |zext_ln35_reg_385                  |   3|   0|   64|         61|
    |trunc_ln35_reg_392                 |  64|  32|    2|          0|
    |zext_ln35_reg_385                  |  64|  32|   64|         61|
    +-----------------------------------+----+----+-----+-----------+
    |Total                              | 399|  64|  398|        122|
    +-----------------------------------+----+----+-----+-----------+



================================================================
== Interface
================================================================
* Summary: 
+---------------------+-----+-----+------------+-----------------------------------------+--------------+
|      RTL Ports      | Dir | Bits|  Protocol  |              Source Object              |    C Type    |
+---------------------+-----+-----+------------+-----------------------------------------+--------------+
|ap_clk               |   in|    1|  ap_ctrl_hs|  predict_kernel_Pipeline_VITIS_LOOP_35_1|  return value|
|ap_rst               |   in|    1|  ap_ctrl_hs|  predict_kernel_Pipeline_VITIS_LOOP_35_1|  return value|
|ap_start             |   in|    1|  ap_ctrl_hs|  predict_kernel_Pipeline_VITIS_LOOP_35_1|  return value|
|ap_done              |  out|    1|  ap_ctrl_hs|  predict_kernel_Pipeline_VITIS_LOOP_35_1|  return value|
|ap_idle              |  out|    1|  ap_ctrl_hs|  predict_kernel_Pipeline_VITIS_LOOP_35_1|  return value|
|ap_ready             |  out|    1|  ap_ctrl_hs|  predict_kernel_Pipeline_VITIS_LOOP_35_1|  return value|
|grp_fu_382_p_din0    |  out|   32|  ap_ctrl_hs|  predict_kernel_Pipeline_VITIS_LOOP_35_1|  return value|
|grp_fu_382_p_din1    |  out|   32|  ap_ctrl_hs|  predict_kernel_Pipeline_VITIS_LOOP_35_1|  return value|
|grp_fu_382_p_opcode  |  out|    2|  ap_ctrl_hs|  predict_kernel_Pipeline_VITIS_LOOP_35_1|  return value|
|grp_fu_382_p_dout0   |   in|   32|  ap_ctrl_hs|  predict_kernel_Pipeline_VITIS_LOOP_35_1|  return value|
|grp_fu_382_p_ce      |  out|    1|  ap_ctrl_hs|  predict_kernel_Pipeline_VITIS_LOOP_35_1|  return value|
|grp_fu_386_p_din0    |  out|   32|  ap_ctrl_hs|  predict_kernel_Pipeline_VITIS_LOOP_35_1|  return value|
|grp_fu_386_p_din1    |  out|   32|  ap_ctrl_hs|  predict_kernel_Pipeline_VITIS_LOOP_35_1|  return value|
|grp_fu_386_p_opcode  |  out|    2|  ap_ctrl_hs|  predict_kernel_Pipeline_VITIS_LOOP_35_1|  return value|
|grp_fu_386_p_dout0   |   in|   32|  ap_ctrl_hs|  predict_kernel_Pipeline_VITIS_LOOP_35_1|  return value|
|grp_fu_386_p_ce      |  out|    1|  ap_ctrl_hs|  predict_kernel_Pipeline_VITIS_LOOP_35_1|  return value|
|grp_fu_390_p_din0    |  out|   32|  ap_ctrl_hs|  predict_kernel_Pipeline_VITIS_LOOP_35_1|  return value|
|grp_fu_390_p_din1    |  out|   32|  ap_ctrl_hs|  predict_kernel_Pipeline_VITIS_LOOP_35_1|  return value|
|grp_fu_390_p_opcode  |  out|    2|  ap_ctrl_hs|  predict_kernel_Pipeline_VITIS_LOOP_35_1|  return value|
|grp_fu_390_p_dout0   |   in|   32|  ap_ctrl_hs|  predict_kernel_Pipeline_VITIS_LOOP_35_1|  return value|
|grp_fu_390_p_ce      |  out|    1|  ap_ctrl_hs|  predict_kernel_Pipeline_VITIS_LOOP_35_1|  return value|
|grp_fu_394_p_din0    |  out|   32|  ap_ctrl_hs|  predict_kernel_Pipeline_VITIS_LOOP_35_1|  return value|
|grp_fu_394_p_din1    |  out|   32|  ap_ctrl_hs|  predict_kernel_Pipeline_VITIS_LOOP_35_1|  return value|
|grp_fu_394_p_opcode  |  out|    2|  ap_ctrl_hs|  predict_kernel_Pipeline_VITIS_LOOP_35_1|  return value|
|grp_fu_394_p_dout0   |   in|   32|  ap_ctrl_hs|  predict_kernel_Pipeline_VITIS_LOOP_35_1|  return value|
|grp_fu_394_p_ce      |  out|    1|  ap_ctrl_hs|  predict_kernel_Pipeline_VITIS_LOOP_35_1|  return value|
|grp_fu_398_p_din0    |  out|   32|  ap_ctrl_hs|  predict_kernel_Pipeline_VITIS_LOOP_35_1|  return value|
|grp_fu_398_p_din1    |  out|   32|  ap_ctrl_hs|  predict_kernel_Pipeline_VITIS_LOOP_35_1|  return value|
|grp_fu_398_p_dout0   |   in|   32|  ap_ctrl_hs|  predict_kernel_Pipeline_VITIS_LOOP_35_1|  return value|
|grp_fu_398_p_ce      |  out|    1|  ap_ctrl_hs|  predict_kernel_Pipeline_VITIS_LOOP_35_1|  return value|
|grp_fu_402_p_din0    |  out|   32|  ap_ctrl_hs|  predict_kernel_Pipeline_VITIS_LOOP_35_1|  return value|
|grp_fu_402_p_din1    |  out|   32|  ap_ctrl_hs|  predict_kernel_Pipeline_VITIS_LOOP_35_1|  return value|
|grp_fu_402_p_dout0   |   in|   32|  ap_ctrl_hs|  predict_kernel_Pipeline_VITIS_LOOP_35_1|  return value|
|grp_fu_402_p_ce      |  out|    1|  ap_ctrl_hs|  predict_kernel_Pipeline_VITIS_LOOP_35_1|  return value|
|grp_fu_406_p_din0    |  out|   32|  ap_ctrl_hs|  predict_kernel_Pipeline_VITIS_LOOP_35_1|  return value|
|grp_fu_406_p_din1    |  out|   32|  ap_ctrl_hs|  predict_kernel_Pipeline_VITIS_LOOP_35_1|  return value|
|grp_fu_406_p_dout0   |   in|   32|  ap_ctrl_hs|  predict_kernel_Pipeline_VITIS_LOOP_35_1|  return value|
|grp_fu_406_p_ce      |  out|    1|  ap_ctrl_hs|  predict_kernel_Pipeline_VITIS_LOOP_35_1|  return value|
|grp_fu_410_p_din0    |  out|   32|  ap_ctrl_hs|  predict_kernel_Pipeline_VITIS_LOOP_35_1|  return value|
|grp_fu_410_p_din1    |  out|   32|  ap_ctrl_hs|  predict_kernel_Pipeline_VITIS_LOOP_35_1|  return value|
|grp_fu_410_p_dout0   |   in|   32|  ap_ctrl_hs|  predict_kernel_Pipeline_VITIS_LOOP_35_1|  return value|
|grp_fu_410_p_ce      |  out|    1|  ap_ctrl_hs|  predict_kernel_Pipeline_VITIS_LOOP_35_1|  return value|
|p_pred_0             |  out|   32|      ap_vld|                                 p_pred_0|       pointer|
|p_pred_0_ap_vld      |  out|    1|      ap_vld|                                 p_pred_0|       pointer|
|p_pred_3             |  out|   32|      ap_vld|                                 p_pred_3|       pointer|
|p_pred_3_ap_vld      |  out|    1|      ap_vld|                                 p_pred_3|       pointer|
|p_pred_2             |  out|   32|      ap_vld|                                 p_pred_2|       pointer|
|p_pred_2_ap_vld      |  out|    1|      ap_vld|                                 p_pred_2|       pointer|
|p_pred_1             |  out|   32|      ap_vld|                                 p_pred_1|       pointer|
|p_pred_1_ap_vld      |  out|    1|      ap_vld|                                 p_pred_1|       pointer|
|bitcast_ln37         |   in|   32|     ap_none|                             bitcast_ln37|        scalar|
|bitcast_ln37_1       |   in|   32|     ap_none|                           bitcast_ln37_1|        scalar|
|bitcast_ln37_2       |   in|   32|     ap_none|                           bitcast_ln37_2|        scalar|
|bitcast_ln37_3       |   in|   32|     ap_none|                           bitcast_ln37_3|        scalar|
|A_0_address0         |  out|    2|   ap_memory|                                      A_0|         array|
|A_0_ce0              |  out|    1|   ap_memory|                                      A_0|         array|
|A_0_q0               |   in|   32|   ap_memory|                                      A_0|         array|
|bitcast_ln40         |   in|   32|     ap_none|                             bitcast_ln40|        scalar|
|A_1_address0         |  out|    2|   ap_memory|                                      A_1|         array|
|A_1_ce0              |  out|    1|   ap_memory|                                      A_1|         array|
|A_1_q0               |   in|   32|   ap_memory|                                      A_1|         array|
|bitcast_ln40_1       |   in|   32|     ap_none|                           bitcast_ln40_1|        scalar|
|A_2_address0         |  out|    2|   ap_memory|                                      A_2|         array|
|A_2_ce0              |  out|    1|   ap_memory|                                      A_2|         array|
|A_2_q0               |   in|   32|   ap_memory|                                      A_2|         array|
|bitcast_ln40_2       |   in|   32|     ap_none|                           bitcast_ln40_2|        scalar|
|A_3_address0         |  out|    2|   ap_memory|                                      A_3|         array|
|A_3_ce0              |  out|    1|   ap_memory|                                      A_3|         array|
|A_3_q0               |   in|   32|   ap_memory|                                      A_3|         array|
|bitcast_ln40_3       |   in|   32|     ap_none|                           bitcast_ln40_3|        scalar|
+---------------------+-----+-----+------------+-----------------------------------------+--------------+

