

================================================================
== Vitis HLS Report for 'predict_kernel_Pipeline_VITIS_LOOP_45_3_VITIS_LOOP_48_4'
================================================================
* Date:           Mon Mar  2 15:42:30 2026

* Version:        2025.2 (Build 6295257 on Nov 14 2025)
* Project:        minkowski_hls
* Solution:       sol1 (Vivado IP Flow Target)
* Product family: zynquplus
* Target device:  xck26-sfvc784-2LV-c


================================================================
== Performance Estimates
================================================================
+ Timing: 
    * Summary: 
    +--------+----------+----------+------------+
    |  Clock |  Target  | Estimated| Uncertainty|
    +--------+----------+----------+------------+
    |ap_clk  |  10.00 ns|  7.016 ns|     2.70 ns|
    +--------+----------+----------+------------+

+ Latency: 
    * Summary: 
    +---------+---------+-----------+----------+-----+-----+-------------------+
    |  Latency (cycles) |  Latency (absolute)  |  Interval |      Pipeline     |
    |   min   |   max   |    min    |    max   | min | max |        Type       |
    +---------+---------+-----------+----------+-----+-----+-------------------+
    |        2|      148|  20.000 ns|  1.480 us|    0|    0|  loop pipeline stp|
    +---------+---------+-----------+----------+-----+-----+-------------------+

    + Detail: 
        * Instance: 
        N/A

        * Loop: 
        +-----------------------------------+---------+---------+----------+-----------+-----------+---------+----------+
        |                                   |  Latency (cycles) | Iteration|  Initiation Interval  |   Trip  |          |
        |             Loop Name             |   min   |   max   |  Latency |  achieved |   target  |  Count  | Pipelined|
        +-----------------------------------+---------+---------+----------+-----------+-----------+---------+----------+
        |- VITIS_LOOP_45_3_VITIS_LOOP_48_4  |        0|      146|        20|          1|          1|  0 ~ 128|       yes|
        +-----------------------------------+---------+---------+----------+-----------+-----------+---------+----------+



================================================================
== Utilization Estimates
================================================================
* Summary: 
+-----------------+---------+------+--------+--------+-----+
|       Name      | BRAM_18K|  DSP |   FF   |   LUT  | URAM|
+-----------------+---------+------+--------+--------+-----+
|DSP              |        -|     -|       -|       -|    -|
|Expression       |        -|     -|       0|      76|    -|
|FIFO             |        -|     -|       -|       -|    -|
|Instance         |        -|     -|       -|       -|    -|
|Memory           |        -|     -|       -|       -|    -|
|Multiplexer      |        -|     -|       0|      72|    -|
|Register         |        -|     -|     759|     224|    -|
+-----------------+---------+------+--------+--------+-----+
|Total            |        0|     0|     759|     372|    0|
+-----------------+---------+------+--------+--------+-----+
|Available        |      288|  1248|  234240|  117120|   64|
+-----------------+---------+------+--------+--------+-----+
|Utilization (%)  |        0|     0|      ~0|      ~0|    0|
+-----------------+---------+------+--------+--------+-----+

+ Detail: 
    * Instance: 
    N/A

    * DSP: 
    N/A

    * Memory: 
    N/A

    * FIFO: 
    N/A

    * Expression: 
    +-----------------------+----------+----+---+----+------------+------------+
    |     Variable Name     | Operation| DSP| FF| LUT| Bitwidth P0| Bitwidth P1|
    +-----------------------+----------+----+---+----+------------+------------+
    |add_ln45_1_fu_329_p2   |         +|   0|  0|  13|           6|           1|
    |add_ln45_fu_303_p2     |         +|   0|  0|  15|           8|           1|
    |add_ln48_fu_367_p2     |         +|   0|  0|  10|           3|           1|
    |icmp_ln45_fu_297_p2    |      icmp|   0|  0|  15|           8|           8|
    |icmp_ln48_fu_315_p2    |      icmp|   0|  0|  12|           3|           4|
    |select_ln32_fu_321_p3  |    select|   0|  0|   3|           1|           1|
    |select_ln45_fu_335_p3  |    select|   0|  0|   6|           1|           6|
    |ap_enable_pp0          |       xor|   0|  0|   2|           1|           2|
    +-----------------------+----------+----+---+----+------------+------------+
    |Total                  |          |   0|  0|  76|          31|          24|
    +-----------------------+----------+----+---+----+------------+------------+

    * Multiplexer: 
    +--------------------------------------+----+-----------+-----+-----------+
    |                 Name                 | LUT| Input Size| Bits| Total Bits|
    +--------------------------------------+----+-----------+-----+-----------+
    |ap_done_int                           |   9|          2|    1|          2|
    |ap_enable_reg_pp0_iter1               |   9|          2|    1|          2|
    |ap_sig_allocacmp_i_load               |   9|          2|    3|          6|
    |ap_sig_allocacmp_indvar_flatten_load  |   9|          2|    8|         16|
    |ap_sig_allocacmp_k_load               |   9|          2|    6|         12|
    |i_fu_76                               |   9|          2|    3|          6|
    |indvar_flatten_fu_84                  |   9|          2|    8|         16|
    |k_fu_80                               |   9|          2|    6|         12|
    +--------------------------------------+----+-----------+-----+-----------+
    |Total                                 |  72|         16|   36|         72|
    +--------------------------------------+----+-----------+-----+-----------+

    * Register: 
    +-----------------------------------+----+----+-----+-----------+
    |                Name               | FF | LUT| Bits| Const Bits|
    +-----------------------------------+----+----+-----+-----------+
    |H_pred_0_addr_reg_578              |   5|   0|    5|          0|
    |H_pred_1_addr_reg_583              |   5|   0|    5|          0|
    |H_pred_2_addr_reg_588              |   5|   0|    5|          0|
    |H_pred_3_addr_reg_573              |   5|   0|    5|          0|
    |add1_reg_528                       |  32|   0|   32|          0|
    |add53_1_reg_558                    |  32|   0|   32|          0|
    |add53_2_reg_608                    |  32|   0|   32|          0|
    |ap_CS_fsm                          |   1|   0|    1|          0|
    |ap_done_reg                        |   1|   0|    1|          0|
    |ap_enable_reg_pp0_iter1            |   1|   0|    1|          0|
    |ap_enable_reg_pp0_iter10           |   1|   0|    1|          0|
    |ap_enable_reg_pp0_iter11           |   1|   0|    1|          0|
    |ap_enable_reg_pp0_iter12           |   1|   0|    1|          0|
    |ap_enable_reg_pp0_iter13           |   1|   0|    1|          0|
    |ap_enable_reg_pp0_iter14           |   1|   0|    1|          0|
    |ap_enable_reg_pp0_iter15           |   1|   0|    1|          0|
    |ap_enable_reg_pp0_iter16           |   1|   0|    1|          0|
    |ap_enable_reg_pp0_iter17           |   1|   0|    1|          0|
    |ap_enable_reg_pp0_iter18           |   1|   0|    1|          0|
    |ap_enable_reg_pp0_iter19           |   1|   0|    1|          0|
    |ap_enable_reg_pp0_iter2            |   1|   0|    1|          0|
    |ap_enable_reg_pp0_iter3            |   1|   0|    1|          0|
    |ap_enable_reg_pp0_iter4            |   1|   0|    1|          0|
    |ap_enable_reg_pp0_iter5            |   1|   0|    1|          0|
    |ap_enable_reg_pp0_iter6            |   1|   0|    1|          0|
    |ap_enable_reg_pp0_iter7            |   1|   0|    1|          0|
    |ap_enable_reg_pp0_iter8            |   1|   0|    1|          0|
    |ap_enable_reg_pp0_iter9            |   1|   0|    1|          0|
    |ap_loop_exit_ready_pp0_iter10_reg  |   1|   0|    1|          0|
    |ap_loop_exit_ready_pp0_iter11_reg  |   1|   0|    1|          0|
    |ap_loop_exit_ready_pp0_iter12_reg  |   1|   0|    1|          0|
    |ap_loop_exit_ready_pp0_iter13_reg  |   1|   0|    1|          0|
    |ap_loop_exit_ready_pp0_iter14_reg  |   1|   0|    1|          0|
    |ap_loop_exit_ready_pp0_iter15_reg  |   1|   0|    1|          0|
    |ap_loop_exit_ready_pp0_iter16_reg  |   1|   0|    1|          0|
    |ap_loop_exit_ready_pp0_iter17_reg  |   1|   0|    1|          0|
    |ap_loop_exit_ready_pp0_iter18_reg  |   1|   0|    1|          0|
    |ap_loop_exit_ready_pp0_iter1_reg   |   1|   0|    1|          0|
    |ap_loop_exit_ready_pp0_iter2_reg   |   1|   0|    1|          0|
    |ap_loop_exit_ready_pp0_iter3_reg   |   1|   0|    1|          0|
    |ap_loop_exit_ready_pp0_iter4_reg   |   1|   0|    1|          0|
    |ap_loop_exit_ready_pp0_iter5_reg   |   1|   0|    1|          0|
    |ap_loop_exit_ready_pp0_iter6_reg   |   1|   0|    1|          0|
    |ap_loop_exit_ready_pp0_iter7_reg   |   1|   0|    1|          0|
    |ap_loop_exit_ready_pp0_iter8_reg   |   1|   0|    1|          0|
    |ap_loop_exit_ready_pp0_iter9_reg   |   1|   0|    1|          0|
    |i_fu_76                            |   3|   0|    3|          0|
    |indvar_flatten_fu_84               |   8|   0|    8|          0|
    |k_fu_80                            |   6|   0|    6|          0|
    |mul1_reg_503                       |  32|   0|   32|          0|
    |mul48_1_reg_533                    |  32|   0|   32|          0|
    |mul48_2_reg_563                    |  32|   0|   32|          0|
    |mul48_3_reg_613                    |  32|   0|   32|          0|
    |trunc_ln48_reg_484                 |   2|   0|    2|          0|
    |zext_ln45_reg_461                  |   6|   0|   64|         58|
    |zext_ln48_reg_477                  |   3|   0|   64|         61|
    |H_pred_0_addr_reg_578              |  64|  32|    5|          0|
    |H_pred_1_addr_reg_583              |  64|  32|    5|          0|
    |H_pred_2_addr_reg_588              |  64|  32|    5|          0|
    |H_pred_3_addr_reg_573              |  64|  32|    5|          0|
    |trunc_ln48_reg_484                 |  64|  32|    2|          0|
    |zext_ln45_reg_461                  |  64|  32|   64|         58|
    |zext_ln48_reg_477                  |  64|  32|   64|         61|
    +-----------------------------------+----+----+-----+-----------+
    |Total                              | 759| 224|  580|        238|
    +-----------------------------------+----+----+-----+-----------+



================================================================
== Interface
================================================================
* Summary: 
+---------------------+-----+-----+------------+---------------------------------------------------------+--------------+
|      RTL Ports      | Dir | Bits|  Protocol  |                      Source Object                      |    C Type    |
+---------------------+-----+-----+------------+---------------------------------------------------------+--------------+
|ap_clk               |   in|    1|  ap_ctrl_hs|  predict_kernel_Pipeline_VITIS_LOOP_45_3_VITIS_LOOP_48_4|  return value|
|ap_rst               |   in|    1|  ap_ctrl_hs|  predict_kernel_Pipeline_VITIS_LOOP_45_3_VITIS_LOOP_48_4|  return value|
|ap_start             |   in|    1|  ap_ctrl_hs|  predict_kernel_Pipeline_VITIS_LOOP_45_3_VITIS_LOOP_48_4|  return value|
|ap_done              |  out|    1|  ap_ctrl_hs|  predict_kernel_Pipeline_VITIS_LOOP_45_3_VITIS_LOOP_48_4|  return value|
|ap_idle              |  out|    1|  ap_ctrl_hs|  predict_kernel_Pipeline_VITIS_LOOP_45_3_VITIS_LOOP_48_4|  return value|
|ap_ready             |  out|    1|  ap_ctrl_hs|  predict_kernel_Pipeline_VITIS_LOOP_45_3_VITIS_LOOP_48_4|  return value|
|grp_fu_382_p_din0    |  out|   32|  ap_ctrl_hs|  predict_kernel_Pipeline_VITIS_LOOP_45_3_VITIS_LOOP_48_4|  return value|
|grp_fu_382_p_din1    |  out|   32|  ap_ctrl_hs|  predict_kernel_Pipeline_VITIS_LOOP_45_3_VITIS_LOOP_48_4|  return value|
|grp_fu_382_p_opcode  |  out|    2|  ap_ctrl_hs|  predict_kernel_Pipeline_VITIS_LOOP_45_3_VITIS_LOOP_48_4|  return value|
|grp_fu_382_p_dout0   |   in|   32|  ap_ctrl_hs|  predict_kernel_Pipeline_VITIS_LOOP_45_3_VITIS_LOOP_48_4|  return value|
|grp_fu_382_p_ce      |  out|    1|  ap_ctrl_hs|  predict_kernel_Pipeline_VITIS_LOOP_45_3_VITIS_LOOP_48_4|  return value|
|grp_fu_386_p_din0    |  out|   32|  ap_ctrl_hs|  predict_kernel_Pipeline_VITIS_LOOP_45_3_VITIS_LOOP_48_4|  return value|
|grp_fu_386_p_din1    |  out|   32|  ap_ctrl_hs|  predict_kernel_Pipeline_VITIS_LOOP_45_3_VITIS_LOOP_48_4|  return value|
|grp_fu_386_p_opcode  |  out|    2|  ap_ctrl_hs|  predict_kernel_Pipeline_VITIS_LOOP_45_3_VITIS_LOOP_48_4|  return value|
|grp_fu_386_p_dout0   |   in|   32|  ap_ctrl_hs|  predict_kernel_Pipeline_VITIS_LOOP_45_3_VITIS_LOOP_48_4|  return value|
|grp_fu_386_p_ce      |  out|    1|  ap_ctrl_hs|  predict_kernel_Pipeline_VITIS_LOOP_45_3_VITIS_LOOP_48_4|  return value|
|grp_fu_390_p_din0    |  out|   32|  ap_ctrl_hs|  predict_kernel_Pipeline_VITIS_LOOP_45_3_VITIS_LOOP_48_4|  return value|
|grp_fu_390_p_din1    |  out|   32|  ap_ctrl_hs|  predict_kernel_Pipeline_VITIS_LOOP_45_3_VITIS_LOOP_48_4|  return value|
|grp_fu_390_p_opcode  |  out|    2|  ap_ctrl_hs|  predict_kernel_Pipeline_VITIS_LOOP_45_3_VITIS_LOOP_48_4|  return value|
|grp_fu_390_p_dout0   |   in|   32|  ap_ctrl_hs|  predict_kernel_Pipeline_VITIS_LOOP_45_3_VITIS_LOOP_48_4|  return value|
|grp_fu_390_p_ce      |  out|    1|  ap_ctrl_hs|  predict_kernel_Pipeline_VITIS_LOOP_45_3_VITIS_LOOP_48_4|  return value|
|grp_fu_394_p_din0    |  out|   32|  ap_ctrl_hs|  predict_kernel_Pipeline_VITIS_LOOP_45_3_VITIS_LOOP_48_4|  return value|
|grp_fu_394_p_din1    |  out|   32|  ap_ctrl_hs|  predict_kernel_Pipeline_VITIS_LOOP_45_3_VITIS_LOOP_48_4|  return value|
|grp_fu_394_p_opcode  |  out|    2|  ap_ctrl_hs|  predict_kernel_Pipeline_VITIS_LOOP_45_3_VITIS_LOOP_48_4|  return value|
|grp_fu_394_p_dout0   |   in|   32|  ap_ctrl_hs|  predict_kernel_Pipeline_VITIS_LOOP_45_3_VITIS_LOOP_48_4|  return value|
|grp_fu_394_p_ce      |  out|    1|  ap_ctrl_hs|  predict_kernel_Pipeline_VITIS_LOOP_45_3_VITIS_LOOP_48_4|  return value|
|grp_fu_398_p_din0    |  out|   32|  ap_ctrl_hs|  predict_kernel_Pipeline_VITIS_LOOP_45_3_VITIS_LOOP_48_4|  return value|
|grp_fu_398_p_din1    |  out|   32|  ap_ctrl_hs|  predict_kernel_Pipeline_VITIS_LOOP_45_3_VITIS_LOOP_48_4|  return value|
|grp_fu_398_p_dout0   |   in|   32|  ap_ctrl_hs|  predict_kernel_Pipeline_VITIS_LOOP_45_3_VITIS_LOOP_48_4|  return value|
|grp_fu_398_p_ce      |  out|    1|  ap_ctrl_hs|  predict_kernel_Pipeline_VITIS_LOOP_45_3_VITIS_LOOP_48_4|  return value|
|grp_fu_402_p_din0    |  out|   32|  ap_ctrl_hs|  predict_kernel_Pipeline_VITIS_LOOP_45_3_VITIS_LOOP_48_4|  return value|
|grp_fu_402_p_din1    |  out|   32|  ap_ctrl_hs|  predict_kernel_Pipeline_VITIS_LOOP_45_3_VITIS_LOOP_48_4|  return value|
|grp_fu_402_p_dout0   |   in|   32|  ap_ctrl_hs|  predict_kernel_Pipeline_VITIS_LOOP_45_3_VITIS_LOOP_48_4|  return value|
|grp_fu_402_p_ce      |  out|    1|  ap_ctrl_hs|  predict_kernel_Pipeline_VITIS_LOOP_45_3_VITIS_LOOP_48_4|  return value|
|grp_fu_406_p_din0    |  out|   32|  ap_ctrl_hs|  predict_kernel_Pipeline_VITIS_LOOP_45_3_VITIS_LOOP_48_4|  return value|
|grp_fu_406_p_din1    |  out|   32|  ap_ctrl_hs|  predict_kernel_Pipeline_VITIS_LOOP_45_3_VITIS_LOOP_48_4|  return value|
|grp_fu_406_p_dout0   |   in|   32|  ap_ctrl_hs|  predict_kernel_Pipeline_VITIS_LOOP_45_3_VITIS_LOOP_48_4|  return value|
|grp_fu_406_p_ce      |  out|    1|  ap_ctrl_hs|  predict_kernel_Pipeline_VITIS_LOOP_45_3_VITIS_LOOP_48_4|  return value|
|grp_fu_410_p_din0    |  out|   32|  ap_ctrl_hs|  predict_kernel_Pipeline_VITIS_LOOP_45_3_VITIS_LOOP_48_4|  return value|
|grp_fu_410_p_din1    |  out|   32|  ap_ctrl_hs|  predict_kernel_Pipeline_VITIS_LOOP_45_3_VITIS_LOOP_48_4|  return value|
|grp_fu_410_p_dout0   |   in|   32|  ap_ctrl_hs|  predict_kernel_Pipeline_VITIS_LOOP_45_3_VITIS_LOOP_48_4|  return value|
|grp_fu_410_p_ce      |  out|    1|  ap_ctrl_hs|  predict_kernel_Pipeline_VITIS_LOOP_45_3_VITIS_LOOP_48_4|  return value|
|tmp_3                |   in|    8|     ap_none|                                                    tmp_3|        scalar|
|H_x_0_address0       |  out|    5|   ap_memory|                                                    H_x_0|         array|
|H_x_0_ce0            |  out|    1|   ap_memory|                                                    H_x_0|         array|
|H_x_0_q0             |   in|   32|   ap_memory|                                                    H_x_0|         array|
|H_x_1_address0       |  out|    5|   ap_memory|                                                    H_x_1|         array|
|H_x_1_ce0            |  out|    1|   ap_memory|                                                    H_x_1|         array|
|H_x_1_q0             |   in|   32|   ap_memory|                                                    H_x_1|         array|
|H_x_2_address0       |  out|    5|   ap_memory|                                                    H_x_2|         array|
|H_x_2_ce0            |  out|    1|   ap_memory|                                                    H_x_2|         array|
|H_x_2_q0             |   in|   32|   ap_memory|                                                    H_x_2|         array|
|H_x_3_address0       |  out|    5|   ap_memory|                                                    H_x_3|         array|
|H_x_3_ce0            |  out|    1|   ap_memory|                                                    H_x_3|         array|
|H_x_3_q0             |   in|   32|   ap_memory|                                                    H_x_3|         array|
|H_pred_3_address0    |  out|    5|   ap_memory|                                                 H_pred_3|         array|
|H_pred_3_ce0         |  out|    1|   ap_memory|                                                 H_pred_3|         array|
|H_pred_3_we0         |  out|    1|   ap_memory|                                                 H_pred_3|         array|
|H_pred_3_d0          |  out|   32|   ap_memory|                                                 H_pred_3|         array|
|H_pred_0_address0    |  out|    5|   ap_memory|                                                 H_pred_0|         array|
|H_pred_0_ce0         |  out|    1|   ap_memory|                                                 H_pred_0|         array|
|H_pred_0_we0         |  out|    1|   ap_memory|                                                 H_pred_0|         array|
|H_pred_0_d0          |  out|   32|   ap_memory|                                                 H_pred_0|         array|
|H_pred_1_address0    |  out|    5|   ap_memory|                                                 H_pred_1|         array|
|H_pred_1_ce0         |  out|    1|   ap_memory|                                                 H_pred_1|         array|
|H_pred_1_we0         |  out|    1|   ap_memory|                                                 H_pred_1|         array|
|H_pred_1_d0          |  out|   32|   ap_memory|                                                 H_pred_1|         array|
|H_pred_2_address0    |  out|    5|   ap_memory|                                                 H_pred_2|         array|
|H_pred_2_ce0         |  out|    1|   ap_memory|                                                 H_pred_2|         array|
|H_pred_2_we0         |  out|    1|   ap_memory|                                                 H_pred_2|         array|
|H_pred_2_d0          |  out|   32|   ap_memory|                                                 H_pred_2|         array|
|A_0_address0         |  out|    2|   ap_memory|                                                      A_0|         array|
|A_0_ce0              |  out|    1|   ap_memory|                                                      A_0|         array|
|A_0_q0               |   in|   32|   ap_memory|                                                      A_0|         array|
|A_1_address0         |  out|    2|   ap_memory|                                                      A_1|         array|
|A_1_ce0              |  out|    1|   ap_memory|                                                      A_1|         array|
|A_1_q0               |   in|   32|   ap_memory|                                                      A_1|         array|
|A_2_address0         |  out|    2|   ap_memory|                                                      A_2|         array|
|A_2_ce0              |  out|    1|   ap_memory|                                                      A_2|         array|
|A_2_q0               |   in|   32|   ap_memory|                                                      A_2|         array|
|A_3_address0         |  out|    2|   ap_memory|                                                      A_3|         array|
|A_3_ce0              |  out|    1|   ap_memory|                                                      A_3|         array|
|A_3_q0               |   in|   32|   ap_memory|                                                      A_3|         array|
+---------------------+-----+-----+------------+---------------------------------------------------------+--------------+

